Last login: Tue Nov 18 17:16:58 on ttys000
jackmeadows@Jacks-MacBook-Air ~ % ./scripts/deploy-ios.sh
zsh: no such file or directory: ./scripts/deploy-ios.sh
jackmeadows@Jacks-MacBook-Air ~ % cd ~/Documents/boxstat                      
jackmeadows@Jacks-MacBook-Air boxstat % ./scripts/deploy-ios.sh
ðŸ€ BoxStat iOS Deployment Script
==================================

Building production files...

> rest-express@1.0.0 build
> vite build && esbuild server/index.ts --platform=node --packages=external --bundle --format=esm --outdir=dist

vite v5.4.19 building for production...
transforming (2) ../vite/modulepreload-polyfill.jsBrowserslist: browsers data (caniuse-lite) is 13 months old. Please run:
  npx update-browserslist-db@latest
  Why you should do it regularly: https://github.com/browserslist/update-db#readme
âœ“ 3544 modules transformed.
../dist/public/index.html                                                      1.90 kB â”‚ gzip:   0.79 kB
../dist/public/assets/logo2_1762477206651-8MFFHG_P.png                       107.97 kB
../dist/public/assets/UYP Logo nback-DsWwmSx0.png                            606.43 kB
../dist/public/assets/Laanding page background_1762477206539-BlEUpXlS.mp4  5,394.65 kB
../dist/public/assets/index-BA4JEaJD.css                                     147.85 kB â”‚ gzip:  26.85 kB
../dist/public/assets/purify.es-DfngIMfA.js                                   22.26 kB â”‚ gzip:   8.72 kB
../dist/public/assets/index.es-BfJ93T8E.js                                   150.53 kB â”‚ gzip:  51.48 kB
../dist/public/assets/index-q4CwkyM3.js                                    2,320.20 kB â”‚ gzip: 622.06 kB

(!) Some chunks are larger than 500 kB after minification. Consider:
- Using dynamic import() to code-split the application
- Use build.rollupOptions.output.manualChunks to improve chunking: https://rollupjs.org/configuration-options/#output-manualchunks
- Adjust chunk size limit for this warning via build.chunkSizeWarningLimit.
âœ“ built in 4.85s

  dist/index.js  352.8kb

âš¡ Done in 18ms

âœ… Replit build complete!

ðŸ“± Next Step (on your Mac):

   Run this command:
   \033[0;32mcd ~/Documents/boxstat && ./deploy-to-mac.sh\033[0m

   Then in Xcode, click Run (â–¶ï¸)

ðŸ’¡ For this first-time push notification deploy:
   - Press Shift+Cmd+K in Xcode (clean build)
   - Delete BoxStat from iPhone
   - Then Run for fresh install

That's it! ðŸŽ‰
jackmeadows@Jacks-MacBook-Air boxstat % cd ~/Documents/boxstat && ./deploy-to-mac.sh
ðŸ€ BoxStat Mac Deployment
=========================

Step 1: Pulling latest code from Replit...
error: cannot pull with rebase: You have unstaged changes.
error: additionally, your index contains uncommitted changes.
error: Please commit or stash them.
jackmeadows@Jacks-MacBook-Air boxstat % # Discard all local changes permanently
git reset --hard HEAD

# Pull from Replit
git pull origin main

# Continue with deployment
npm install
npm run build
npx cap sync ios
open ios/App/App.xcworkspace
zsh: command not found: #
HEAD is now at 7177ced Saved progress at the end of the loop
zsh: command not found: #
From https://github.com/meadowsrjack-rgb/boxstat
 * branch            main       -> FETCH_HEAD
Already up to date.
zsh: command not found: #

added 171 packages, and audited 1117 packages in 2s

129 packages are looking for funding
  run `npm fund` for details

10 vulnerabilities (1 low, 8 moderate, 1 high)

To address issues that do not require attention, run:
  npm audit fix

To address all issues (including breaking changes), run:
  npm audit fix --force

Run `npm audit` for details.

> rest-express@1.0.0 build
> vite build && esbuild server/index.ts --platform=node --packages=external --bundle --format=esm --outdir=dist

vite v5.4.19 building for production...
transforming (2) ../vite/modulepreload-polyfill.jsBrowserslist: browsers data (caniuse-lite) is 13 months old. Please run:
  npx update-browserslist-db@latest
  Why you should do it regularly: https://github.com/browserslist/update-db#readme
âœ“ 3544 modules transformed.
../dist/public/index.html                                                      1.90 kB â”‚ gzip:   0.79 kB
../dist/public/assets/logo2_1762477206651-8MFFHG_P.png                       107.97 kB
../dist/public/assets/UYP Logo nback-DsWwmSx0.png                            606.43 kB
../dist/public/assets/Laanding page background_1762477206539-BlEUpXlS.mp4  5,394.65 kB
../dist/public/assets/index-BA4JEaJD.css                                     147.85 kB â”‚ gzip:  26.85 kB
../dist/public/assets/purify.es-DfngIMfA.js                                   22.26 kB â”‚ gzip:   8.72 kB
../dist/public/assets/index.es-BfJ93T8E.js                                   150.53 kB â”‚ gzip:  51.48 kB
../dist/public/assets/index-q4CwkyM3.js                                    2,320.20 kB â”‚ gzip: 622.06 kB

(!) Some chunks are larger than 500 kB after minification. Consider:
- Using dynamic import() to code-split the application
- Use build.rollupOptions.output.manualChunks to improve chunking: https://rollupjs.org/configuration-options/#output-manualchunks
- Adjust chunk size limit for this warning via build.chunkSizeWarningLimit.
âœ“ built in 5.28s

  dist/index.js  352.8kb

âš¡ Done in 18ms
âœ” Copying web assets from public to ios/App/App/public in 84.76ms
âœ” Creating capacitor.config.json in ios/App/App in 769.17Î¼s
âœ” copy ios in 138.65ms
âœ” Updating iOS plugins in 11.78ms
âœ” Updating iOS native dependencies with pod install in 4.39s
[info] Found 1 Capacitor plugin for ios:
       @capacitor/push-notifications@7.0.3
âœ” update ios in 4.48s
[info] Sync finished in 4.989s
jackmeadows@Jacks-MacBook-Air boxstat % 
