Last login: Tue Jan  6 17:29:24 on ttys000
jackmeadows@Jacks-MacBook-Air ~ % cd documents/boxstat            
git pull origin main
From https://github.com/meadowsrjack-rgb/boxstat
 * branch            main       -> FETCH_HEAD
hint: You have divergent branches and need to specify how to reconcile them.
hint: You can do so by running one of the following commands sometime before
hint: your next pull:
hint:
hint:   git config pull.rebase false  # merge
hint:   git config pull.rebase true   # rebase
hint:   git config pull.ff only       # fast-forward only
hint:
hint: You can replace "git config" with "git config --global" to set a default
hint: preference for all repositories. You can also pass --rebase, --no-rebase,
hint: or --ff-only on the command line to override the configured default per
hint: invocation.
fatal: Need to specify how to reconcile divergent branches.
jackmeadows@Jacks-MacBook-Air boxstat % git pull origin main --no-rebase
From https://github.com/meadowsrjack-rgb/boxstat
 * branch            main       -> FETCH_HEAD
error: could not write index
fatal: stash failed
jackmeadows@Jacks-MacBook-Air boxstat % git reset --hard HEAD
git pull origin main --no-rebase
fatal: Unable to create '/Users/jackmeadows/documents/boxstat/.git/index.lock': File exists.

Another git process seems to be running in this repository, e.g.
an editor opened by 'git commit'. Please make sure all processes
are terminated then try again. If it still fails, a git process
may have crashed in this repository earlier:
remove the file manually to continue.
From https://github.com/meadowsrjack-rgb/boxstat
 * branch            main       -> FETCH_HEAD
error: could not write index
fatal: stash failed
jackmeadows@Jacks-MacBook-Air boxstat % git fetch origin
git reset --hard origin/main
fatal: Unable to create '/Users/jackmeadows/documents/boxstat/.git/index.lock': File exists.

Another git process seems to be running in this repository, e.g.
an editor opened by 'git commit'. Please make sure all processes
are terminated then try again. If it still fails, a git process
may have crashed in this repository earlier:
remove the file manually to continue.
jackmeadows@Jacks-MacBook-Air boxstat % rm /Users/jackmeadows/documents/boxstat/.git/index.lock
jackmeadows@Jacks-MacBook-Air boxstat % git fetch origin
git reset --hard origin/main
HEAD is now at b9e39ac Published your App
jackmeadows@Jacks-MacBook-Air boxstat % 
