Last login: Tue Nov 18 16:36:43 on ttys000
jackmeadows@Jacks-MacBook-Air ~ % # Update the Podfile to require iOS 15.0
sed -i '' 's/platform :ios, .14.0./platform :ios, '\''15.0'\''/' ios/App/Podfile

# Verify the change
grep "platform :ios" ios/App/Podfile

# Now run the deployment script again
./deploy-to-mac.sh
zsh: command not found: #
sed: ios/App/Podfile: No such file or directory
zsh: command not found: #
grep: ios/App/Podfile: No such file or directory
zsh: command not found: #
zsh: no such file or directory: ./deploy-to-mac.sh
jackmeadows@Jacks-MacBook-Air ~ % cd ~/Documents/boxstat
jackmeadows@Jacks-MacBook-Air boxstat % sed -i '' 's/platform :ios, .14.0./platform :ios, '\''15.0'\''/' ios/App/Podfile 
jackmeadows@Jacks-MacBook-Air boxstat % grep "platform :ios" ios/App/Podfile
platform :ios, '15.0'
jackmeadows@Jacks-MacBook-Air boxstat % ./deploy-to-mac.sh
ðŸ€ BoxStat Mac Deployment
=========================

Step 1: Pulling latest code from Replit...
error: cannot pull with rebase: You have unstaged changes.
error: Please commit or stash them.
jackmeadows@Jacks-MacBook-Air boxstat % git stash
Saved working directory and index state WIP on main: 7177ced Saved progress at the end of the loop
jackmeadows@Jacks-MacBook-Air boxstat % ./deploy-to-mac.sh
ðŸ€ BoxStat Mac Deployment
=========================

Step 1: Pulling latest code from Replit...
From https://github.com/meadowsrjack-rgb/boxstat
 * branch            main       -> FETCH_HEAD
Already up to date.

Step 2: Checking dependencies...

Step 3: Building production files...

> rest-express@1.0.0 build
> vite build && esbuild server/index.ts --platform=node --packages=external --bundle --format=esm --outdir=dist

vite v5.4.19 building for production...
transforming (2) ../vite/modulepreload-polyfill.jsBrowserslist: browsers data (caniuse-lite) is 13 months old. Please run:
  npx update-browserslist-db@latest
  Why you should do it regularly: https://github.com/browserslist/update-db#readme
âœ“ 3544 modules transformed.
../dist/public/index.html                                                      1.90 kB â”‚ gzip:   0.79 kB
../dist/public/assets/logo2_1762477206651-8MFFHG_P.png                       107.97 kB
../dist/public/assets/UYP Logo nback-DsWwmSx0.png                            606.43 kB
../dist/public/assets/Laanding page background_1762477206539-BlEUpXlS.mp4  5,394.65 kB
../dist/public/assets/index-BA4JEaJD.css                                     147.85 kB â”‚ gzip:  26.85 kB
../dist/public/assets/purify.es-DfngIMfA.js                                   22.26 kB â”‚ gzip:   8.72 kB
../dist/public/assets/index.es-BfJ93T8E.js                                   150.53 kB â”‚ gzip:  51.48 kB
../dist/public/assets/index-q4CwkyM3.js                                    2,320.20 kB â”‚ gzip: 622.06 kB

(!) Some chunks are larger than 500 kB after minification. Consider:
- Using dynamic import() to code-split the application
- Use build.rollupOptions.output.manualChunks to improve chunking: https://rollupjs.org/configuration-options/#output-manualchunks
- Adjust chunk size limit for this warning via build.chunkSizeWarningLimit.
âœ“ built in 5.37s

  dist/index.js  352.8kb

âš¡ Done in 19ms

Step 4: Syncing to iOS with Capacitor...
âœ” Copying web assets from public to ios/App/App/public in 29.86ms
âœ” Creating capacitor.config.json in ios/App/App in 1.20ms
âœ” copy ios in 75.57ms
âœ” Updating iOS plugins in 9.09ms
âœ– Updating iOS native dependencies with pod install - failed!
âœ– update ios - failed!
[error] Analyzing dependencies
        [!] CocoaPods could not find compatible versions for pod "FirebaseCore":
        In Podfile:
        FirebaseMessaging was resolved to 12.6.0, which depends on
        FirebaseCore (~> 12.6.0)
        
        Specs satisfying the `FirebaseCore (~> 12.6.0)` dependency were found, but they required a higher minimum
        deployment target.
        
jackmeadows@Jacks-MacBook-Air boxstat % 
