Last login: Tue Nov 18 16:00:49 on ttys000
jackmeadows@Jacks-MacBook-Air ~ % cd ~/Documents/boxstat && ./deploy-to-mac.sh
üèÄ BoxStat Mac Deployment
=========================

Step 1: Pulling latest code from Replit...
From https://github.com/meadowsrjack-rgb/boxstat
 * branch            main       -> FETCH_HEAD
hint: You have divergent branches and need to specify how to reconcile them.
hint: You can do so by running one of the following commands sometime before
hint: your next pull:
hint:
hint:   git config pull.rebase false  # merge
hint:   git config pull.rebase true   # rebase
hint:   git config pull.ff only       # fast-forward only
hint:
hint: You can replace "git config" with "git config --global" to set a default
hint: preference for all repositories. You can also pass --rebase, --no-rebase,
hint: or --ff-only on the command line to override the configured default per
hint: invocation.
fatal: Need to specify how to reconcile divergent branches.
jackmeadows@Jacks-MacBook-Air boxstat % # Set git to use rebase for this pull
git config pull.rebase true

# Now pull the latest changes from Replit
git pull

# Continue with the deployment script
./deploy-to-mac.sh
zsh: command not found: #
zsh: command not found: #
error: cannot pull with rebase: You have unstaged changes.
error: additionally, your index contains uncommitted changes.
error: Please commit or stash them.
zsh: command not found: #
üèÄ BoxStat Mac Deployment
=========================

Step 1: Pulling latest code from Replit...
error: cannot pull with rebase: You have unstaged changes.
error: additionally, your index contains uncommitted changes.
error: Please commit or stash them.
jackmeadows@Jacks-MacBook-Air boxstat % git stash
Saved working directory and index state WIP on main: e140bea Merge Replit changes: React fixes and session updates
jackmeadows@Jacks-MacBook-Air boxstat % git pull
Auto-merging package-lock.json
CONFLICT (content): Merge conflict in package-lock.json
Auto-merging package.json
CONFLICT (content): Merge conflict in package.json
error: could not apply 5892ade... Fix Podfile: resolved conflict and restored Firebase pods
hint: Resolve all conflicts manually, mark them as resolved with
hint: "git add/rm <conflicted_files>", then run "git rebase --continue".
hint: You can instead skip this commit: run "git rebase --skip".
hint: To abort and get back to the state before "git rebase", run "git rebase --abort".
hint: Disable this message with "git config set advice.mergeConflict false"
Could not apply 5892ade... # Fix Podfile: resolved conflict and restored Firebase pods
jackmeadows@Jacks-MacBook-Air boxstat % ./deploy-to-mac.sh
üèÄ BoxStat Mac Deployment
=========================

Step 1: Pulling latest code from Replit...
error: Pulling is not possible because you have unmerged files.
hint: Fix them up in the work tree, and then use 'git add/rm <file>'
hint: as appropriate to mark resolution and make a commit.
fatal: Exiting because of an unresolved conflict.
jackmeadows@Jacks-MacBook-Air boxstat % 
