Last login: Tue Nov 18 13:44:47 on ttys000
jackmeadows@Jacks-MacBook-Air ~ % cd ~/Documents/boxstat && ./deploy-to-mac.sh
ðŸ€ BoxStat Mac Deployment
=========================

Step 1: Pulling latest code from Replit...
remote: Enumerating objects: 123, done.
remote: Counting objects: 100% (123/123), done.
remote: Compressing objects: 100% (10/10), done.
remote: Total 82 (delta 72), reused 82 (delta 72), pack-reused 0 (from 0)
Unpacking objects: 100% (82/82), 779.86 KiB | 2.12 MiB/s, done.
From https://github.com/meadowsrjack-rgb/boxstat
 * branch            main       -> FETCH_HEAD
   70ce157..83c8729  main       -> origin/main
hint: You have divergent branches and need to specify how to reconcile them.
hint: You can do so by running one of the following commands sometime before
hint: your next pull:
hint:
hint:   git config pull.rebase false  # merge
hint:   git config pull.rebase true   # rebase
hint:   git config pull.ff only       # fast-forward only
hint:
hint: You can replace "git config" with "git config --global" to set a default
hint: preference for all repositories. You can also pass --rebase, --no-rebase,
hint: or --ff-only on the command line to override the configured default per
hint: invocation.
fatal: Need to specify how to reconcile divergent branches.
jackmeadows@Jacks-MacBook-Air boxstat % git pull --rebase origin main
error: cannot pull with rebase: You have unstaged changes.
error: additionally, your index contains uncommitted changes.
error: Please commit or stash them.
jackmeadows@Jacks-MacBook-Air boxstat % git rebase --abort
git pull --no-rebase origin main
fatal: no rebase in progress
From https://github.com/meadowsrjack-rgb/boxstat
 * branch            main       -> FETCH_HEAD
error: Your local changes to the following files would be overwritten by merge:
  ios/App/App/Assets.xcassets/AppIcon.appiconset/Contents.json ios/App/App/Assets.xcassets/AppIcon.appiconset/boxstatlogo 1.png ios/App/App/Assets.xcassets/AppIcon.appiconset/logoo.png
Merge with strategy ort failed.
jackmeadows@Jacks-MacBook-Air boxstat % # Stash your local iOS icon changes
git stash

# Pull the latest code
git pull --no-rebase origin main

# Restore your iOS icon files
git stash pop
zsh: command not found: #
Saved working directory and index state WIP on main: 5892ade Fix Podfile: resolved conflict and restored Firebase pods
zsh: command not found: #
From https://github.com/meadowsrjack-rgb/boxstat
 * branch            main       -> FETCH_HEAD
Auto-merging package-lock.json
CONFLICT (content): Merge conflict in package-lock.json
Auto-merging package.json
CONFLICT (content): Merge conflict in package.json
Automatic merge failed; fix conflicts and then commit the result.
zsh: command not found: #
package-lock.json: needs merge
package.json: needs merge
error: could not write index
The stash entry is kept in case you need it again.
jackmeadows@Jacks-MacBook-Air boxstat % # Accept the Replit version (my package changes)
git checkout --theirs package.json package-lock.json

# Mark as resolved
git add package.json package-lock.json

# Complete the merge
git commit -m "Merge Replit changes: React fixes and session updates"

# Restore your app icons
git stash pop

# Rebuild node_modules to match
npm install
zsh: number expected
Updated 2 paths from the index
zsh: command not found: #
zsh: command not found: #
[main e140bea] Merge Replit changes: React fixes and session updates
 Committer: Jack Meadows <jackmeadows@Jacks-MacBook-Air.local>
Your name and email address were configured automatically based
on your username and hostname. Please check that they are accurate.
You can suppress this message by setting them explicitly. Run the
following command and follow the instructions in your editor to edit
your configuration file:

    git config --global --edit

After doing this, you may fix the identity used for this commit with:

    git commit --amend --reset-author

zsh: command not found: #
Auto-merging package-lock.json
Auto-merging package.json
On branch main
Your branch is ahead of 'origin/main' by 2 commits.
  (use "git push" to publish your local commits)

Changes to be committed:
  (use "git restore --staged <file>..." to unstage)
	new file:   ios/App/App/Assets.xcassets/AppIcon.appiconset/boxstatlogo 1.png

Changes not staged for commit:
  (use "git add/rm <file>..." to update what will be committed)
  (use "git restore <file>..." to discard changes in working directory)
	modified:   ios/App/App.xcodeproj/project.pbxproj
	modified:   ios/App/App/Assets.xcassets/AppIcon.appiconset/Contents.json
	deleted:    ios/App/App/Assets.xcassets/AppIcon.appiconset/logoo.png
	modified:   ios/App/Podfile

Untracked files:
  (use "git add <file>..." to include in what will be committed)
	Info.plist
	ios/App/App.xcworkspace/contents.xcworkspacedata
	ios/App/App/Info_backup_before_scene.plist
	ios/App/App/PrivacyInfo.xcprivacy
	ios/App/App/SceneDelegate.swift
	ios/App/App/config 2.xml
	ios/App/App/config 3.xml
	ios/App/App/config 4.xml
	ios/App/App/config 5.xml
	ios/App/Podfile 2.lock
	ios/App/Podfile.lock
	ios/App/Podfile.save

Dropped refs/stash@{0} (533980ab0c92975904342e0de7ec75ab79656057)
zsh: command not found: #
â ¼
