Last login: Tue Nov 18 16:00:49 on ttys000
jackmeadows@Jacks-MacBook-Air ~ % cd ~/Documents/boxstat && ./deploy-to-mac.sh
üèÄ BoxStat Mac Deployment
=========================

Step 1: Pulling latest code from Replit...
From https://github.com/meadowsrjack-rgb/boxstat
 * branch            main       -> FETCH_HEAD
hint: You have divergent branches and need to specify how to reconcile them.
hint: You can do so by running one of the following commands sometime before
hint: your next pull:
hint:
hint:   git config pull.rebase false  # merge
hint:   git config pull.rebase true   # rebase
hint:   git config pull.ff only       # fast-forward only
hint:
hint: You can replace "git config" with "git config --global" to set a default
hint: preference for all repositories. You can also pass --rebase, --no-rebase,
hint: or --ff-only on the command line to override the configured default per
hint: invocation.
fatal: Need to specify how to reconcile divergent branches.
jackmeadows@Jacks-MacBook-Air boxstat % # Set git to use rebase for this pull
git config pull.rebase true

# Now pull the latest changes from Replit
git pull

# Continue with the deployment script
./deploy-to-mac.sh
zsh: command not found: #
zsh: command not found: #
error: cannot pull with rebase: You have unstaged changes.
error: additionally, your index contains uncommitted changes.
error: Please commit or stash them.
zsh: command not found: #
üèÄ BoxStat Mac Deployment
=========================

Step 1: Pulling latest code from Replit...
error: cannot pull with rebase: You have unstaged changes.
error: additionally, your index contains uncommitted changes.
error: Please commit or stash them.
jackmeadows@Jacks-MacBook-Air boxstat % git stash
Saved working directory and index state WIP on main: e140bea Merge Replit changes: React fixes and session updates
jackmeadows@Jacks-MacBook-Air boxstat % git pull
Auto-merging package-lock.json
CONFLICT (content): Merge conflict in package-lock.json
Auto-merging package.json
CONFLICT (content): Merge conflict in package.json
error: could not apply 5892ade... Fix Podfile: resolved conflict and restored Firebase pods
hint: Resolve all conflicts manually, mark them as resolved with
hint: "git add/rm <conflicted_files>", then run "git rebase --continue".
hint: You can instead skip this commit: run "git rebase --skip".
hint: To abort and get back to the state before "git rebase", run "git rebase --abort".
hint: Disable this message with "git config set advice.mergeConflict false"
Could not apply 5892ade... # Fix Podfile: resolved conflict and restored Firebase pods
jackmeadows@Jacks-MacBook-Air boxstat % ./deploy-to-mac.sh
üèÄ BoxStat Mac Deployment
=========================

Step 1: Pulling latest code from Replit...
error: Pulling is not possible because you have unmerged files.
hint: Fix them up in the work tree, and then use 'git add/rm <file>'
hint: as appropriate to mark resolution and make a commit.
fatal: Exiting because of an unresolved conflict.
jackmeadows@Jacks-MacBook-Air boxstat % git rebase --abort
jackmeadows@Jacks-MacBook-Air boxstat % git reset --hard origin/main
HEAD is now at 7177ced Saved progress at the end of the loop
jackmeadows@Jacks-MacBook-Air boxstat % ./deploy-to-mac.sh
üèÄ BoxStat Mac Deployment
=========================

Step 1: Pulling latest code from Replit...
From https://github.com/meadowsrjack-rgb/boxstat
 * branch            main       -> FETCH_HEAD
Already up to date.

Step 2: Checking dependencies...

Step 3: Building production files...

> rest-express@1.0.0 build
> vite build && esbuild server/index.ts --platform=node --packages=external --bundle --format=esm --outdir=dist

vite v5.4.19 building for production...
transforming (2) ../vite/modulepreload-polyfill.jsBrowserslist: browsers data (caniuse-lite) is 13 months old. Please run:
  npx update-browserslist-db@latest
  Why you should do it regularly: https://github.com/browserslist/update-db#readme
‚úì 3544 modules transformed.
../dist/public/index.html                                                      1.90 kB ‚îÇ gzip:   0.79 kB
../dist/public/assets/logo2_1762477206651-8MFFHG_P.png                       107.97 kB
../dist/public/assets/UYP Logo nback-DsWwmSx0.png                            606.43 kB
../dist/public/assets/Laanding page background_1762477206539-BlEUpXlS.mp4  5,394.65 kB
../dist/public/assets/index-BA4JEaJD.css                                     147.85 kB ‚îÇ gzip:  26.85 kB
../dist/public/assets/purify.es-DfngIMfA.js                                   22.26 kB ‚îÇ gzip:   8.72 kB
../dist/public/assets/index.es-BfJ93T8E.js                                   150.53 kB ‚îÇ gzip:  51.48 kB
../dist/public/assets/index-q4CwkyM3.js                                    2,320.20 kB ‚îÇ gzip: 622.06 kB

(!) Some chunks are larger than 500 kB after minification. Consider:
- Using dynamic import() to code-split the application
- Use build.rollupOptions.output.manualChunks to improve chunking: https://rollupjs.org/configuration-options/#output-manualchunks
- Adjust chunk size limit for this warning via build.chunkSizeWarningLimit.
‚úì built in 5.12s

  dist/index.js  352.8kb

‚ö° Done in 19ms

Step 4: Syncing to iOS with Capacitor...
‚úî Copying web assets from public to ios/App/App/public in 93.48ms
‚úî Creating capacitor.config.json in ios/App/App in 846.83Œºs
‚úî copy ios in 145.39ms
‚úî Updating iOS plugins in 10.89ms
‚úñ Updating iOS native dependencies with pod install - failed!
‚úñ update ios - failed!
[error] Analyzing dependencies
        [!] CocoaPods could not find compatible versions for pod "FirebaseCore":
        In Podfile:
        FirebaseMessaging was resolved to 12.6.0, which depends on
        FirebaseCore (~> 12.6.0)
        
        Specs satisfying the `FirebaseCore (~> 12.6.0)` dependency were found, but they required a higher minimum
        deployment target.
        
jackmeadows@Jacks-MacBook-Air boxstat % 
